2023-11-23 13:24:47,253 matplotlib data path: C:\Users\rouna\anaconda3\envs\rounak\lib\site-packages\matplotlib\mpl-data
2023-11-23 13:24:47,253 CONFIGDIR=C:\Users\rouna\.matplotlib
2023-11-23 13:24:47,253 interactive is False
2023-11-23 13:24:47,253 platform is win32
2023-11-23 13:24:47,253 loaded modules: ['sys', 'builtins', '_frozen_importlib', '_imp', '_thread', '_warnings', '_weakref', '_io', 'marshal', 'nt', 'winreg', '_frozen_importlib_external', 'time', 'zipimport', '_codecs', 'codecs', 'encodings.aliases', 'encodings', 'encodings.utf_8', 'encodings.cp1252', '_signal', 'encodings.latin_1', '_abc', 'abc', 'io', '__main__', '_stat', 'stat', '_collections_abc', 'genericpath', 'ntpath', 'os.path', 'os', '_sitebuiltins', '_locale', '_bootlocale', '_distutils_hack', 'types', 'importlib._bootstrap', 'importlib._bootstrap_external', 'warnings', 'importlib', 'importlib.machinery', '_heapq', 'heapq', 'itertools', 'keyword', '_operator', 'operator', 'reprlib', '_collections', 'collections', 'collections.abc', '_functools', 'functools', 'contextlib', 'enum', '_sre', 'sre_constants', 'sre_parse', 'sre_compile', 'copyreg', 're', 'typing.io', 'typing.re', 'typing', 'importlib.abc', 'importlib.util', 'mpl_toolkits', 'sphinxcontrib', 'site', 'token', 'tokenize', 'linecache', 'traceback', '_weakrefset', 'weakref', '_string', 'string', 'threading', 'atexit', 'logging', 'synthdist', 'matplotlib', '_ast', 'ast', '_opcode', 'opcode', 'dis', 'inspect', 'locale', 'posixpath', 'fnmatch', 'errno', 'urllib', 'urllib.parse', 'pathlib', 'pprint', 'zlib', '_compression', '_bz2', 'bz2', '_lzma', 'lzma', 'shutil', 'signal', 'msvcrt', '_winapi', 'subprocess', 'math', '_bisect', 'bisect', '_random', '_sha512', 'random', 'tempfile', 'numpy._globals', 'numpy.__config__', 'numpy._distributor_init', '__future__', '_json', 'json.scanner', 'json.decoder', 'json.encoder', 'json', 'numpy._version', 'numpy.version', '_datetime', 'datetime', 'numpy.core._multiarray_umath', 'numpy.compat._inspect', 'numpy.compat._pep440', '_struct', 'struct', '_compat_pickle', '_pickle', 'pickle', 'numpy.compat.py3k', 'numpy.compat', 'numpy.core.overrides', 'numpy.core.multiarray', 'numpy.core.umath', 'numbers', 'numpy.core._string_helpers', 'numpy.core._dtype', 'numpy.core._type_aliases', 'numpy.core.numerictypes', 'numpy.core._exceptions', 'numpy.core._methods', 'numpy.core.fromnumeric', 'numpy.core.shape_base', 'numpy.core._ufunc_config', 'numpy.core.arrayprint', 'numpy.core._asarray', 'numpy.core.numeric', 'numpy.core.defchararray', 'numpy.core.records', 'numpy.core.memmap', 'numpy.core.function_base', 'numpy.core._machar', 'numpy.core.getlimits', 'numpy.core.einsumfunc', 'numpy.core._multiarray_tests', 'numpy.core._add_newdocs', 'platform', '_socket', 'select', 'selectors', 'socket', 'numpy.core._add_newdocs_scalars', 'numpy.core._dtype_ctypes', '_ctypes', 'ctypes._endian', 'ctypes', 'numpy.core._internal', 'numpy._pytesttester', 'numpy.core', 'numpy.lib.mixins', 'numpy.lib.ufunclike', 'numpy.lib.type_check', 'numpy.lib.scimath', 'numpy.lib.stride_tricks', 'numpy.lib.twodim_base', 'numpy.linalg._umath_linalg', 'numpy.linalg.linalg', 'numpy.linalg', 'numpy.matrixlib.defmatrix', 'numpy.matrixlib', 'numpy.lib.histograms', 'numpy.lib.function_base', 'numpy.lib.index_tricks', 'numpy.lib.nanfunctions', 'numpy.lib.shape_base', 'numpy.lib.polynomial', 'textwrap', 'numpy.lib.utils', 'numpy.lib.arraysetops', 'numpy.lib.format', 'numpy.lib._datasource', 'numpy.lib._iotools', 'numpy.lib.npyio', 'numpy.lib.arrayterator', 'numpy.lib.arraypad', 'numpy.lib._version', 'numpy.lib', 'numpy.fft._pocketfft_internal', 'numpy.fft._pocketfft', 'numpy.fft.helper', 'numpy.fft', 'numpy.polynomial.polyutils', 'numpy.polynomial._polybase', 'numpy.polynomial.polynomial', 'numpy.polynomial.chebyshev', 'numpy.polynomial.legendre', 'numpy.polynomial.hermite', 'numpy.polynomial.hermite_e', 'numpy.polynomial.laguerre', 'numpy.polynomial', 'cython_runtime', '_cython_0_29_32', 'numpy.random._common', 'binascii', 'base64', '_hashlib', '_blake2', 'hashlib', 'hmac', 'secrets', 'numpy.random.bit_generator', 'numpy.random._bounded_integers', 'numpy.random._mt19937', 'numpy.random.mtrand', 'numpy.random._philox', 'numpy.random._pcg64', 'numpy.random._sfc64', 'numpy.random._generator', 'numpy.random._pickle', 'numpy.random', 'numpy.ctypeslib', 'numpy.ma.core', 'numpy.ma.extras', 'numpy.ma', 'numpy', 'packaging.__about__', 'packaging', 'packaging._structures', 'packaging.version', 'matplotlib._api.deprecation', 'matplotlib._api', 'matplotlib._version', 'gzip', 'shlex', 'matplotlib._c_internal_utils', 'matplotlib.cbook', 'matplotlib.docstring', 'copy', 'PIL._version', 'PIL', 'xml', 'xml.parsers', 'pyexpat.errors', 'pyexpat.model', 'pyexpat', 'xml.parsers.expat.model', 'xml.parsers.expat.errors', 'xml.parsers.expat', 'defusedxml.common', 'defusedxml', 'xml.etree', 'xml.etree.ElementPath', '_elementtree', 'xml.etree.ElementTree', 'defusedxml.ElementTree', 'PIL.ImageMode', 'PIL.TiffTags', 'PIL._binary', 'PIL._deprecate', 'PIL._util', 'PIL._imaging', 'cffi.lock', 'cffi.error', 'cffi.model', 'cffi.api', 'cffi', 'PIL.Image', 'PIL.ImageChops', 'PIL.ImageFile', 'array', 'PIL.GimpGradientFile', 'PIL.GimpPaletteFile', 'PIL.ImageColor', 'PIL.PaletteFile', 'PIL.ImagePalette', 'PIL.ImageSequence', 'PIL.PngImagePlugin', 'matplotlib._path', 'matplotlib.bezier', 'matplotlib.path', 'matplotlib.transforms', 'matplotlib.ticker', 'matplotlib.scale', 'matplotlib._color_data', 'matplotlib.colors', 'pyparsing.util', 'pyparsing.unicode', 'pyparsing.exceptions', 'pyparsing.actions', 'pyparsing.results', 'pyparsing.core', 'html.entities', 'html', 'pyparsing.helpers', 'pyparsing.testing', 'pyparsing.common', 'pyparsing', 'matplotlib.fontconfig_pattern', 'matplotlib._enums', 'cycler', 'matplotlib.rcsetup', 'matplotlib.ft2font', 'dateutil._version', 'dateutil', 'kiwisolver._cext', 'kiwisolver']
2023-11-23 13:24:47,376 CACHEDIR=C:\Users\rouna\.matplotlib
2023-11-23 13:24:47,384 Using fontManager instance from C:\Users\rouna\.matplotlib\fontlist-v330.json
2023-11-23 13:24:49,266 PROJ data files are available at built-in paths.
2023-11-23 13:24:49,266 Entering env context: <fiona.env.Env object at 0x000002A768140880>
2023-11-23 13:24:49,266 Starting outermost env
2023-11-23 13:24:49,266 No GDAL environment exists
2023-11-23 13:24:49,266 New GDAL environment <fiona._env.GDALEnv object at 0x000002A7683934C0> created
2023-11-23 13:24:49,278 GDAL_DATA found in environment.
2023-11-23 13:24:49,282 PROJ data files are available at built-in paths.
2023-11-23 13:24:49,282 Started GDALEnv: self=<fiona._env.GDALEnv object at 0x000002A7683934C0>.
2023-11-23 13:24:49,282 Updated existing <fiona._env.GDALEnv object at 0x000002A7683934C0> with options {}
2023-11-23 13:24:49,282 Entered env context: <fiona.env.Env object at 0x000002A768140880>
2023-11-23 13:24:49,282 Exiting env context: <fiona.env.Env object at 0x000002A768140880>
2023-11-23 13:24:49,282 Cleared existing <fiona._env.GDALEnv object at 0x000002A7683934C0> options
2023-11-23 13:24:49,282 Stopping GDALEnv <fiona._env.GDALEnv object at 0x000002A7683934C0>.
2023-11-23 13:24:49,282 Error handler popped.
2023-11-23 13:24:49,282 Stopped GDALEnv <fiona._env.GDALEnv object at 0x000002A7683934C0>.
2023-11-23 13:24:49,282 Exiting outermost env
2023-11-23 13:24:49,282 Exited env context: <fiona.env.Env object at 0x000002A768140880>
2023-11-23 13:24:50,323 Could not import boto3, continuing with reduced functionality.
2023-11-23 13:26:27,145 matplotlib data path: C:\Users\rouna\anaconda3\envs\rounak\lib\site-packages\matplotlib\mpl-data
2023-11-23 13:26:27,145 CONFIGDIR=C:\Users\rouna\.matplotlib
2023-11-23 13:26:27,145 interactive is False
2023-11-23 13:26:27,145 platform is win32
2023-11-23 13:26:27,145 loaded modules: ['sys', 'builtins', '_frozen_importlib', '_imp', '_thread', '_warnings', '_weakref', '_io', 'marshal', 'nt', 'winreg', '_frozen_importlib_external', 'time', 'zipimport', '_codecs', 'codecs', 'encodings.aliases', 'encodings', 'encodings.utf_8', 'encodings.cp1252', '_signal', 'encodings.latin_1', '_abc', 'abc', 'io', '__main__', '_stat', 'stat', '_collections_abc', 'genericpath', 'ntpath', 'os.path', 'os', '_sitebuiltins', '_locale', '_bootlocale', '_distutils_hack', 'types', 'importlib._bootstrap', 'importlib._bootstrap_external', 'warnings', 'importlib', 'importlib.machinery', '_heapq', 'heapq', 'itertools', 'keyword', '_operator', 'operator', 'reprlib', '_collections', 'collections', 'collections.abc', '_functools', 'functools', 'contextlib', 'enum', '_sre', 'sre_constants', 'sre_parse', 'sre_compile', 'copyreg', 're', 'typing.io', 'typing.re', 'typing', 'importlib.abc', 'importlib.util', 'mpl_toolkits', 'sphinxcontrib', 'site', 'token', 'tokenize', 'linecache', 'traceback', '_weakrefset', 'weakref', '_string', 'string', 'threading', 'atexit', 'logging', 'synthdist', 'matplotlib', '_ast', 'ast', '_opcode', 'opcode', 'dis', 'inspect', 'locale', 'posixpath', 'fnmatch', 'errno', 'urllib', 'urllib.parse', 'pathlib', 'pprint', 'zlib', '_compression', '_bz2', 'bz2', '_lzma', 'lzma', 'shutil', 'signal', 'msvcrt', '_winapi', 'subprocess', 'math', '_bisect', 'bisect', '_random', '_sha512', 'random', 'tempfile', 'numpy._globals', 'numpy.__config__', 'numpy._distributor_init', '__future__', '_json', 'json.scanner', 'json.decoder', 'json.encoder', 'json', 'numpy._version', 'numpy.version', '_datetime', 'datetime', 'numpy.core._multiarray_umath', 'numpy.compat._inspect', 'numpy.compat._pep440', '_struct', 'struct', '_compat_pickle', '_pickle', 'pickle', 'numpy.compat.py3k', 'numpy.compat', 'numpy.core.overrides', 'numpy.core.multiarray', 'numpy.core.umath', 'numbers', 'numpy.core._string_helpers', 'numpy.core._dtype', 'numpy.core._type_aliases', 'numpy.core.numerictypes', 'numpy.core._exceptions', 'numpy.core._methods', 'numpy.core.fromnumeric', 'numpy.core.shape_base', 'numpy.core._ufunc_config', 'numpy.core.arrayprint', 'numpy.core._asarray', 'numpy.core.numeric', 'numpy.core.defchararray', 'numpy.core.records', 'numpy.core.memmap', 'numpy.core.function_base', 'numpy.core._machar', 'numpy.core.getlimits', 'numpy.core.einsumfunc', 'numpy.core._multiarray_tests', 'numpy.core._add_newdocs', 'platform', '_socket', 'select', 'selectors', 'socket', 'numpy.core._add_newdocs_scalars', 'numpy.core._dtype_ctypes', '_ctypes', 'ctypes._endian', 'ctypes', 'numpy.core._internal', 'numpy._pytesttester', 'numpy.core', 'numpy.lib.mixins', 'numpy.lib.ufunclike', 'numpy.lib.type_check', 'numpy.lib.scimath', 'numpy.lib.stride_tricks', 'numpy.lib.twodim_base', 'numpy.linalg._umath_linalg', 'numpy.linalg.linalg', 'numpy.linalg', 'numpy.matrixlib.defmatrix', 'numpy.matrixlib', 'numpy.lib.histograms', 'numpy.lib.function_base', 'numpy.lib.index_tricks', 'numpy.lib.nanfunctions', 'numpy.lib.shape_base', 'numpy.lib.polynomial', 'textwrap', 'numpy.lib.utils', 'numpy.lib.arraysetops', 'numpy.lib.format', 'numpy.lib._datasource', 'numpy.lib._iotools', 'numpy.lib.npyio', 'numpy.lib.arrayterator', 'numpy.lib.arraypad', 'numpy.lib._version', 'numpy.lib', 'numpy.fft._pocketfft_internal', 'numpy.fft._pocketfft', 'numpy.fft.helper', 'numpy.fft', 'numpy.polynomial.polyutils', 'numpy.polynomial._polybase', 'numpy.polynomial.polynomial', 'numpy.polynomial.chebyshev', 'numpy.polynomial.legendre', 'numpy.polynomial.hermite', 'numpy.polynomial.hermite_e', 'numpy.polynomial.laguerre', 'numpy.polynomial', 'cython_runtime', '_cython_0_29_32', 'numpy.random._common', 'binascii', 'base64', '_hashlib', '_blake2', 'hashlib', 'hmac', 'secrets', 'numpy.random.bit_generator', 'numpy.random._bounded_integers', 'numpy.random._mt19937', 'numpy.random.mtrand', 'numpy.random._philox', 'numpy.random._pcg64', 'numpy.random._sfc64', 'numpy.random._generator', 'numpy.random._pickle', 'numpy.random', 'numpy.ctypeslib', 'numpy.ma.core', 'numpy.ma.extras', 'numpy.ma', 'numpy', 'packaging.__about__', 'packaging', 'packaging._structures', 'packaging.version', 'matplotlib._api.deprecation', 'matplotlib._api', 'matplotlib._version', 'gzip', 'shlex', 'matplotlib._c_internal_utils', 'matplotlib.cbook', 'matplotlib.docstring', 'copy', 'PIL._version', 'PIL', 'xml', 'xml.parsers', 'pyexpat.errors', 'pyexpat.model', 'pyexpat', 'xml.parsers.expat.model', 'xml.parsers.expat.errors', 'xml.parsers.expat', 'defusedxml.common', 'defusedxml', 'xml.etree', 'xml.etree.ElementPath', '_elementtree', 'xml.etree.ElementTree', 'defusedxml.ElementTree', 'PIL.ImageMode', 'PIL.TiffTags', 'PIL._binary', 'PIL._deprecate', 'PIL._util', 'PIL._imaging', 'cffi.lock', 'cffi.error', 'cffi.model', 'cffi.api', 'cffi', 'PIL.Image', 'PIL.ImageChops', 'PIL.ImageFile', 'array', 'PIL.GimpGradientFile', 'PIL.GimpPaletteFile', 'PIL.ImageColor', 'PIL.PaletteFile', 'PIL.ImagePalette', 'PIL.ImageSequence', 'PIL.PngImagePlugin', 'matplotlib._path', 'matplotlib.bezier', 'matplotlib.path', 'matplotlib.transforms', 'matplotlib.ticker', 'matplotlib.scale', 'matplotlib._color_data', 'matplotlib.colors', 'pyparsing.util', 'pyparsing.unicode', 'pyparsing.exceptions', 'pyparsing.actions', 'pyparsing.results', 'pyparsing.core', 'html.entities', 'html', 'pyparsing.helpers', 'pyparsing.testing', 'pyparsing.common', 'pyparsing', 'matplotlib.fontconfig_pattern', 'matplotlib._enums', 'cycler', 'matplotlib.rcsetup', 'matplotlib.ft2font', 'dateutil._version', 'dateutil', 'kiwisolver._cext', 'kiwisolver']
2023-11-23 13:26:27,262 CACHEDIR=C:\Users\rouna\.matplotlib
2023-11-23 13:26:27,262 Using fontManager instance from C:\Users\rouna\.matplotlib\fontlist-v330.json
2023-11-23 13:26:29,155 PROJ data files are available at built-in paths.
2023-11-23 13:26:29,170 Entering env context: <fiona.env.Env object at 0x0000020E00F46550>
2023-11-23 13:26:29,170 Starting outermost env
2023-11-23 13:26:29,170 No GDAL environment exists
2023-11-23 13:26:29,170 New GDAL environment <fiona._env.GDALEnv object at 0x0000020E00F46D00> created
2023-11-23 13:26:29,170 GDAL_DATA found in environment.
2023-11-23 13:26:29,170 PROJ data files are available at built-in paths.
2023-11-23 13:26:29,170 Started GDALEnv: self=<fiona._env.GDALEnv object at 0x0000020E00F46D00>.
2023-11-23 13:26:29,170 Updated existing <fiona._env.GDALEnv object at 0x0000020E00F46D00> with options {}
2023-11-23 13:26:29,170 Entered env context: <fiona.env.Env object at 0x0000020E00F46550>
2023-11-23 13:26:29,170 Exiting env context: <fiona.env.Env object at 0x0000020E00F46550>
2023-11-23 13:26:29,170 Cleared existing <fiona._env.GDALEnv object at 0x0000020E00F46D00> options
2023-11-23 13:26:29,170 Stopping GDALEnv <fiona._env.GDALEnv object at 0x0000020E00F46D00>.
2023-11-23 13:26:29,170 Error handler popped.
2023-11-23 13:26:29,170 Stopped GDALEnv <fiona._env.GDALEnv object at 0x0000020E00F46D00>.
2023-11-23 13:26:29,170 Exiting outermost env
2023-11-23 13:26:29,170 Exited env context: <fiona.env.Env object at 0x0000020E00F46550>
2023-11-23 13:26:30,215 Could not import boto3, continuing with reduced functionality.
2023-11-23 13:26:30,536 Opening CSV file with residences and load profiles
2023-11-23 13:26:30,794 Created named tuple 'HOME' with residence location and load profile
2023-11-23 13:26:37,679 Academic license - for non-commercial use only - expires 2023-12-14
2023-11-23 13:26:37,679 Using license file C:\Users\rouna\gurobi.lic
2023-11-23 13:26:37,723 Gurobi Optimizer version 9.1.1 build v9.1.1rc0 (win64)
2023-11-23 13:26:37,723 Thread count: 6 physical cores, 12 logical processors, using up to 12 threads
2023-11-23 13:26:37,723 Optimize a model with 51 rows, 33 columns and 135 nonzeros
2023-11-23 13:26:37,724 Model fingerprint: 0x39317dcb
2023-11-23 13:26:37,724 Variable types: 22 continuous, 11 integer (11 binary)
2023-11-23 13:26:37,725 Coefficient statistics:
2023-11-23 13:26:37,725   Matrix range     [1e+00, 3e+01]
2023-11-23 13:26:37,725   Objective range  [7e-03, 1e-01]
2023-11-23 13:26:37,726   Bounds range     [1e+00, 1e+00]
2023-11-23 13:26:37,726   RHS range        [2e-03, 2e+00]
2023-11-23 13:26:37,727 Found heuristic solution: objective 0.0827000
2023-11-23 13:26:37,734 Presolve removed 22 rows and 16 columns
2023-11-23 13:26:37,734 Presolve time: 0.01s
2023-11-23 13:26:37,734 Presolved: 29 rows, 17 columns, 79 nonzeros
2023-11-23 13:26:37,748 Variable types: 10 continuous, 7 integer (7 binary)
2023-11-23 13:26:37,754 
2023-11-23 13:26:37,754 Root relaxation: objective 1.425422e-02, 12 iterations, 0.01 seconds
2023-11-23 13:26:37,754 
2023-11-23 13:26:37,754     Nodes    |    Current Node    |     Objective Bounds      |     Work
2023-11-23 13:26:37,754  Expl Unexpl |  Obj  Depth IntInf | Incumbent    BestBd   Gap | It/Node Time
2023-11-23 13:26:37,754 
2023-11-23 13:26:37,754 *    0     0               0       0.0142542    0.01425  0.00%     -    0s
2023-11-23 13:26:37,754 
2023-11-23 13:26:37,754 Explored 0 nodes (12 simplex iterations) in 0.03 seconds
2023-11-23 13:26:37,754 Thread count was 12 (of 12 available processors)
2023-11-23 13:26:37,754 
2023-11-23 13:26:37,754 Solution count 2: 0.0142542 0.0827 
2023-11-23 13:26:37,754 
2023-11-23 13:26:37,754 Optimal solution found (tolerance 1.00e-04)
2023-11-23 13:26:37,754 Best objective 1.425421832491e-02, best bound 1.425421832491e-02, gap 0.0000%
2023-11-23 13:26:37,754 
2023-11-23 13:26:37,754 User-callback calls 56, time in user-callback 0.00 sec
